../Core/Src/oled.c:49:6:OLED_Send	16	static
../Core/Src/oled.c:57:6:OLED_SendCmd	0	static
../Core/Src/oled.c:125:6:OLED_DisPlay_On	8	static
../Core/Src/oled.c:135:6:OLED_DisPlay_Off	8	static
../Core/Src/oled.c:147:6:OLED_SetColorMode	0	static
../Core/Src/oled.c:164:6:OLED_NewFrame	0	static
../Core/Src/oled.c:173:6:OLED_ShowFrame	24	static
../Core/Src/oled.c:70:6:OLED_Init	8	static
../Core/Src/oled.c:193:6:OLED_SetPixel	12	static
../Core/Src/oled.c:219:6:OLED_SetByte_Fine	16	static
../Core/Src/oled.c:245:6:OLED_SetByte	0	static
../Core/Src/oled.c:265:6:OLED_SetBits_Fine	32	static
../Core/Src/oled.c:293:6:OLED_SetBits	32	static
../Core/Src/oled.c:315:6:OLED_SetBlock	72	static
../Core/Src/oled.c:355:6:OLED_DrawLine	40	static
../Core/Src/oled.c:431:6:OLED_DrawRectangle	32	static
../Core/Src/oled.c:447:6:OLED_DrawFilledRectangle	32	static
../Core/Src/oled.c:465:6:OLED_DrawTriangle	40	static
../Core/Src/oled.c:482:6:OLED_DrawFilledTriangle	64	static
../Core/Src/oled.c:522:6:OLED_DrawCircle	56	static
../Core/Src/oled.c:558:6:OLED_DrawFilledCircle	48	static
../Core/Src/oled.c:593:6:OLED_DrawEllipse	72	static
../Core/Src/oled.c:642:6:OLED_DrawImage	16	static
../Core/Src/oled.c:657:6:OLED_PrintASCIIChar	32	static
../Core/Src/oled.c:670:6:OLED_PrintASCIIString	32	static
../Core/Src/oled.c:684:9:_OLED_GetUTF8Len	0	static
../Core/Src/oled.c:729:6:OLED_PrintString	72	static
